// Jest Snapshot v1, https://goo.gl/fbAQLP

exports[`<DialogVault> renders 1`] = `
<View
  pointerEvents="none"
  style={
    Object {
      "height": "100%",
      "left": 0,
      "maxHeight": "100%",
      "opacity": 0,
      "position": "absolute",
      "top": 0,
      "width": "100%",
      "zIndex": 2,
    }
  }
>
  <RCTSafeAreaView
    emulateUnlessSupported={true}
    style={
      Array [
        Object {
          "alignContent": "center",
          "alignItems": "center",
          "flex": 1,
          "justifyContent": "center",
        },
        Object {
          "backgroundColor": "rgba(0,0,0,0.5)",
        },
        Object {
          "justifyContent": "flex-end",
          "zIndex": 2,
        },
      ]
    }
  >
    <View
      onLayout={[Function]}
      style={
        Array [
          Array [
            Object {
              "backgroundColor": "transparent",
              "maxHeight": "100%",
              "maxWidth": "100%",
              "minWidth": 320,
              "position": "absolute",
            },
          ],
          Object {
            "paddingBottom": 0,
          },
        ]
      }
    >
      <View
        pointerEvents="auto"
        style={
          Object {
            "transform": Array [
              Object {
                "translateY": 1334,
              },
            ],
          }
        }
      >
        <View
          style={
            Array [
              Object {
                "backgroundColor": "#ffffff",
                "borderRadius": 3,
                "shadowColor": "#000000",
                "shadowOffset": Object {
                  "height": 4,
                  "width": 0,
                },
                "shadowOpacity": 0.3,
                "shadowRadius": 24,
              },
              Object {
                "borderTopLeftRadius": 16,
                "borderTopRightRadius": 16,
                "margin": 0,
                "width": 750,
              },
            ]
          }
        >
          <View
            style={
              Object {
                "alignItems": "flex-start",
                "display": "flex",
                "flexDirection": "row",
                "justifyContent": "flex-end",
              }
            }
          >
            <Text
              numberOfLines={1}
              style={
                Array [
                  Object {
                    "color": "#4a4a4a",
                    "fontFamily": undefined,
                    "fontWeight": "400",
                    "textAlignVertical": "center",
                  },
                  Object {
                    "fontFamily": undefined,
                    "fontSize": 24,
                    "fontWeight": "700",
                  },
                  false,
                  Object {
                    "color": "#ffffff",
                    "flex": 1,
                    "padding": 16,
                  },
                ]
              }
            >
              undefined undefined
            </Text>
          </View>
          <RCTScrollView
            onScroll={[Function]}
            style={
              Array [
                Object {
                  "paddingBottom": 16,
                  "paddingHorizontal": 16,
                },
                false,
              ]
            }
          >
            <View>
              <Text
                style={
                  Array [
                    Object {
                      "color": "#4a4a4a",
                      "fontFamily": undefined,
                      "fontWeight": "400",
                      "textAlignVertical": "center",
                    },
                    Object {
                      "fontSize": 16,
                      "lineHeight": 19.2,
                    },
                    Object {
                      "color": "#707070",
                    },
                    Object {},
                  ]
                }
              />
              <View
                style={
                  Object {
                    "marginVertical": 16,
                  }
                }
              >
                <Text
                  style={
                    Array [
                      Object {
                        "color": "#4a4a4a",
                        "fontFamily": undefined,
                        "fontWeight": "400",
                        "textAlignVertical": "center",
                      },
                      Object {
                        "fontSize": 18,
                        "fontWeight": "600",
                      },
                      false,
                      Object {},
                    ]
                  }
                />
                <View
                  style={
                    Object {
                      "width": "100%",
                    }
                  }
                >
                  <RCTScrollView
                    contentContainerStyle={
                      Object {
                        "marginBottom": 20,
                        "marginTop": 8,
                      }
                    }
                    decelerationRate="fast"
                    horizontal={true}
                    onScroll={[Function]}
                    pagingEnabled={false}
                    removeClippedSubviews={true}
                    scrollEventThrottle={1000}
                    showsHorizontalScrollIndicator={false}
                    snapToAlignment="start"
                    snapToInterval={84}
                  >
                    <View />
                  </RCTScrollView>
                </View>
                <View
                  style={
                    Array [
                      Object {
                        "alignContent": "flex-start",
                        "display": "flex",
                        "flexDirection": "row",
                        "flexWrap": "wrap",
                        "justifyContent": "space-between",
                        "width": "100%",
                      },
                      undefined,
                    ]
                  }
                >
                  <View
                    style={
                      Array [
                        Object {
                          "marginBottom": 20,
                        },
                        Array [
                          undefined,
                          Object {
                            "width": "49%",
                          },
                        ],
                      ]
                    }
                  >
                    <Text
                      numberOfLines={2}
                      style={
                        Array [
                          Object {
                            "color": "#4a4a4a",
                            "fontFamily": undefined,
                            "fontWeight": "400",
                            "textAlignVertical": "center",
                          },
                          Object {
                            "fontSize": 14,
                          },
                          Object {
                            "color": "#707070",
                          },
                          Object {
                            "color": "#4a4a4a",
                            "fontWeight": "700",
                            "marginBottom": 8,
                          },
                        ]
                      }
                    >
                      title
                    </Text>
                    <View
                      style={
                        Array [
                          Object {
                            "alignItems": "center",
                            "backgroundColor": "#ffffff",
                            "borderColor": "#cdd2d4",
                            "borderRadius": 2.5,
                            "borderWidth": 1,
                            "display": "flex",
                            "flexDirection": "row",
                            "paddingHorizontal": 8,
                          },
                          false,
                          false,
                          false,
                          undefined,
                        ]
                      }
                    >
                      <TextInput
                        allowFontScaling={true}
                        autoCapitalize="none"
                        autoCorrect={false}
                        blurOnSubmit={true}
                        editable={true}
                        field="title"
                        keyboard="default"
                        keyboardType="default"
                        multiline={false}
                        onBlur={[Function]}
                        onChangeText={[Function]}
                        onFocus={[Function]}
                        placeholderTextColor="#707070"
                        rejectResponderTermination={true}
                        style={
                          Array [
                            Object {
                              "backgroundColor": "transparent",
                              "borderWidth": 0,
                              "color": "#4a4a4a",
                              "flex": 1,
                              "fontSize": 16,
                              "minHeight": 42,
                              "paddingHorizontal": 4,
                              "paddingVertical": 7.5,
                              "width": "100%",
                            },
                            false,
                            undefined,
                            undefined,
                            undefined,
                          ]
                        }
                        underlineColorAndroid="transparent"
                        value=""
                      />
                    </View>
                  </View>
                  <View
                    style={
                      Array [
                        Object {
                          "marginBottom": 20,
                        },
                        Array [
                          undefined,
                          Object {
                            "width": "49%",
                          },
                        ],
                      ]
                    }
                  >
                    <Text
                      numberOfLines={2}
                      style={
                        Array [
                          Object {
                            "color": "#4a4a4a",
                            "fontFamily": undefined,
                            "fontWeight": "400",
                            "textAlignVertical": "center",
                          },
                          Object {
                            "fontSize": 14,
                          },
                          Object {
                            "color": "#707070",
                          },
                          Object {
                            "color": "#4a4a4a",
                            "fontWeight": "700",
                            "marginBottom": 8,
                          },
                        ]
                      }
                    >
                      balance
                    </Text>
                    <View
                      style={
                        Array [
                          Object {
                            "alignItems": "center",
                            "backgroundColor": "#ffffff",
                            "borderColor": "#cdd2d4",
                            "borderRadius": 2.5,
                            "borderWidth": 1,
                            "display": "flex",
                            "flexDirection": "row",
                            "paddingHorizontal": 8,
                          },
                          false,
                          false,
                          false,
                          undefined,
                        ]
                      }
                    >
                      <TextInput
                        allowFontScaling={true}
                        autoCapitalize="none"
                        autoCorrect={false}
                        blurOnSubmit={true}
                        editable={true}
                        field="balance"
                        keyboard="default"
                        keyboardType="default"
                        multiline={false}
                        onBlur={[Function]}
                        onChangeText={[Function]}
                        onFocus={[Function]}
                        placeholderTextColor="#707070"
                        rejectResponderTermination={true}
                        style={
                          Array [
                            Object {
                              "backgroundColor": "transparent",
                              "borderWidth": 0,
                              "color": "#4a4a4a",
                              "flex": 1,
                              "fontSize": 16,
                              "minHeight": 42,
                              "paddingHorizontal": 4,
                              "paddingVertical": 7.5,
                              "width": "100%",
                            },
                            false,
                            undefined,
                            undefined,
                            undefined,
                          ]
                        }
                        underlineColorAndroid="transparent"
                        value="0"
                      />
                    </View>
                  </View>
                </View>
              </View>
              <View
                style={
                  Object {
                    "flex": 1,
                  }
                }
              >
                <View
                  accessible={true}
                  focusable={false}
                  onClick={[Function]}
                  onResponderGrant={[Function]}
                  onResponderMove={[Function]}
                  onResponderRelease={[Function]}
                  onResponderTerminate={[Function]}
                  onResponderTerminationRequest={[Function]}
                  onStartShouldSetResponder={[Function]}
                  pointerEvents="none"
                  style={
                    Array [
                      undefined,
                      Array [
                        Object {
                          "borderRadius": 3,
                        },
                        false,
                        false,
                      ],
                    ]
                  }
                >
                  <View
                    style={
                      Array [
                        Object {
                          "alignContent": "center",
                          "alignItems": "center",
                          "borderRadius": 3,
                          "justifyContent": "center",
                        },
                        Object {
                          "height": 44,
                          "minWidth": 44,
                          "paddingHorizontal": 28,
                        },
                        Object {
                          "alignItems": "center",
                          "display": "flex",
                          "flexDirection": "row",
                        },
                        false,
                        false,
                        false,
                        false,
                        Object {
                          "paddingHorizontal": 0,
                        },
                        Object {
                          "backgroundColor": "#707070",
                        },
                        Object {
                          "backgroundColor": "#cdd2d4",
                        },
                        false,
                        false,
                        false,
                      ]
                    }
                  >
                    <View
                      style={
                        Array [
                          Object {
                            "alignItems": "center",
                            "display": "flex",
                            "flexDirection": "row",
                          },
                          undefined,
                        ]
                      }
                    />
                  </View>
                  <View
                    style={
                      Array [
                        Object {
                          "backgroundColor": "transparent",
                          "borderRadius": 3,
                          "bottom": 0,
                          "left": 0,
                          "overflow": "hidden",
                          "position": "absolute",
                          "right": 0,
                          "top": 0,
                        },
                        undefined,
                      ]
                    }
                  >
                    <View
                      style={
                        Object {
                          "backgroundColor": "#ffffff",
                          "height": 0,
                          "opacity": 0,
                          "width": 0,
                          "zIndex": 0,
                        }
                      }
                    />
                  </View>
                </View>
              </View>
            </View>
          </RCTScrollView>
        </View>
      </View>
    </View>
  </RCTSafeAreaView>
</View>
`;
